.\venv\Scripts\python.exe : Both GOOGLE_API_KEY and GEMINI_API_KEY are set. Using GOOGLE_API_KEY.
At line:1 char:1
+ .\venv\Scripts\python.exe d:\warrn\test_gemini.py > test_output.txt 2 ...
+ ~~~~~~~~~~~~~~~~~~~~~~~~~~~~~~~~~~~~~~~~~~~~~~~~~~~~~~~~~~~~~~~~~~~~~
    + CategoryInfo          : NotSpecified: (Both GOOGLE_API...GOOGLE_API_KEY.:String) [], RemoteException
    + FullyQualifiedErrorId : NativeCommandError
 
Hello! I'm doing well, thank you for asking. How are you doing today? Is there anything I can help you with?
